// Jest Snapshot v1, https://goo.gl/fbAQLP

exports[`Loading Render off 1`] = `<div />`;

exports[`Loading Render on 1`] = `
<div>
  <img
    alt="loading"
    class="loading"
    src="/images/loading.gif"
  />
</div>
`;
