// Jest Snapshot v1, https://goo.gl/fbAQLP

exports[`Loader Render on screen 1`] = `
<div>
  <img
    alt="loading"
    class="loading"
    src="/images/loading.gif"
  />
</div>
`;
